    Blocking waiting for file lock on package cache
    Blocking waiting for file lock on package cache
    Blocking waiting for file lock on package cache
    Blocking waiting for file lock on package cache
    Blocking waiting for file lock on artifact directory
   Compiling hyper v1.8.1
   Compiling tower v0.5.3
   Compiling sqlx-core v0.7.4
   Compiling axum-core v0.4.5
   Compiling rdkafka v0.36.2
   Compiling notification-service v0.1.0 (C:\Users\Jayden\Desktop\BE_rust_store\services\notification-service)
   Compiling tower-http v0.6.8
   Compiling hyper-util v0.1.20
   Compiling sqlx-postgres v0.7.4
   Compiling hyper-rustls v0.27.7
   Compiling axum v0.7.9
   Compiling reqwest v0.12.28
   Compiling sqlx v0.7.4
    Finished `dev` profile [unoptimized + debuginfo] target(s) in 41.63s
warning: the following packages contain code that will be rejected by a future version of Rust: sqlx-postgres v0.7.4
note: to see what the problems were, use the option `--future-incompat-report`, or run `cargo report future-incompatibilities --id 2`
     Running `target\x86_64-pc-windows-msvc\debug\notification-service.exe`
